// Jest Snapshot v1, https://goo.gl/fbAQLP

exports[`Color Renders correctly 1`] = `
<div
  className="sc-bwzfXH IsQbB"
>
  <div
    className="fr-color__box"
    style={
      Object {
        "backgroundColor": "#eee",
      }
    }
  />
  <div
    className="fr-color__meta"
    style={
      Object {
        "color": "#eee",
      }
    }
  >
    <b>
      F
    </b>
    <small>
      1.16
    </small>
  </div>
  <aside>
    <b>
      Light
      <div
        className="sc-bdVaJa jxixlb fr-label--red"
      >
        Contrast failed against backgrouns.
      </div>
    </b>
    <small>
      #eee
      , 
      rgba(238, 238, 238)
    </small>
  </aside>
</div>
`;
