// Jest Snapshot v1, https://goo.gl/fbAQLP

exports[`Toggle Renders correctly 1`] = `
<div
  className="sc-bwzfXH eJuPQC"
>
  <label
    className="fr-toggle fr-toggle--unchecked"
  >
    <input
      defaultChecked={false}
      onChange={[Function]}
      type="checkbox"
    />
    <span
      className="fr-toggle__mark"
    />
    <span
      className="sc-bdVaJa erEhky"
    >
      Toggle
    </span>
  </label>
</div>
`;
