// Jest Snapshot v1, https://goo.gl/fbAQLP

exports[`Toggle Renders correctly 1`] = `
<div
  className="sc-bwzfXH keNWvK"
>
  <label
    className="hl-toggle hl-toggle--unchecked"
  >
    <input
      defaultChecked={false}
      onChange={[Function]}
      type="checkbox"
    />
    <span
      className="hl-toggle__mark"
    />
    <span
      className="sc-bdVaJa ehcbJe"
    >
      Toggle
    </span>
  </label>
</div>
`;
