// Jest Snapshot v1, https://goo.gl/fbAQLP

exports[`Fractures Renders correctly 1`] = `null`;

exports[`Fractures with theme Renders correctly 1`] = `
<style
  dangerouslySetInnerHTML={
    Object {
      "__html": "
		:root {
			--hl-ground: #fff;
			--hl-focus: rgba(52, 130, 218, 0.25);
			--hl-100: #e8f2fd;
			--hl-300: #76a7e7;
			--hl-500: #3482da;
			--hl-700: #2463a5;
			--hl-900: #102a45;

			--hl-color-red: #f94b56;
			--hl-color-green: #82c971;
			--hl-color-yellow: #ffd058;
			--hl-color-blue: #76a7e7;

			--hl-font-mono: \\"Roboto Mono\\", monospace;
		}
	",
    }
  }
/>
`;
